using System;
using System.Collections.Generic;
using System.ComponentModel.DataAnnotations;
using System.ComponentModel.DataAnnotations.Schema;
using Microsoft.Data.Entity;
using Microsoft.Data.Entity.Metadata;

namespace E2ETest.Namespace
{
    public class OneToManyDependent
    {
        [Key]
        public int OneToManyDependentID1 { get; set; }
        [Key]
        public int OneToManyDependentID2 { get; set; }
        public int? OneToManyDependentFK1 { get; set; }
        public int? OneToManyDependentFK2 { get; set; }
        [Required]
        public string SomeDependentEndColumn { get; set; }

        [ForeignKey("OneToManyDependentFK1,OneToManyDependentFK2")]
        [InverseProperty("OneToManyDependent")]
        public virtual OneToManyPrincipal OneToManyDependentFK { get; set; }
    }
}
