using System;
using System.Collections.Generic;
using System.ComponentModel.DataAnnotations;
using System.ComponentModel.DataAnnotations.Schema;
using Microsoft.Data.Entity;
using Microsoft.Data.Entity.Metadata;

namespace E2ETest.Namespace
{
    public class PropertyConfiguration
    {
        public byte PropertyConfigurationID { get; set; }
        [Required]
        public int A { get; set; }
        [Required]
        public int B { get; set; }
        [Required]
        public byte[] RowversionColumn { get; set; }
        public int? SumOfAAndB { get; set; }
        [Required]
        public DateTime WithDateDefaultExpression { get; set; }
        [Required]
        public int WithDefaultValue { get; set; }
        [Required]
        public Guid WithGuidDefaultExpression { get; set; }
        [Required]
        public decimal WithMoneyDefaultValue { get; set; }
    }
}
